[INFO] Scanning for projects...
[INFO] 
[INFO] ----------------------< com.ashish:bill.connect >-----------------------
[INFO] Building bill.connect 0.0.1-SNAPSHOT
[INFO]   from pom.xml
[INFO] --------------------------------[ jar ]---------------------------------
[INFO] 
[INFO] --- resources:3.3.1:resources (default-resources) @ bill.connect ---
[INFO] Copying 1 resource from src/main/resources to target/classes
[INFO] Copying 1 resource from src/main/resources to target/classes
[INFO] 
[INFO] --- compiler:3.14.1:compile (default-compile) @ bill.connect ---
[INFO] Recompiling the module because of changed source code.
[INFO] Compiling 1 source file with javac [debug parameters release 17] to target/classes
[WARNING] The following options were not recognized by any processor: '[mapstruct.defaultComponentModel]'
[INFO] ------------------------------------------------------------------------
[INFO] BUILD SUCCESS
[INFO] ------------------------------------------------------------------------
[INFO] Total time:  3.255 s
[INFO] Finished at: 2026-02-25T11:45:05Z
[INFO] ------------------------------------------------------------------------
